// Jest Snapshot v1, https://goo.gl/fbAQLP

exports[`protoc-gen-elm generates the expected code for package.proto 1`] = `
"{- !!! DO NOT EDIT THIS FILE MANUALLY !!! -}


module Any.Package exposing
    ( Test
    , testDecoder
    , toTestEncoder
    )

{-| ProtoBuf module: \`Any.Package\`

This module was generated automatically using

  - [\`protoc-gen-elm\`](https://www.npmjs.com/package/protoc-gen-elm) 1.0.0
  - \`protoc\` 3.14.0
  - the following specification file: \`package.proto\`

To run it use [\`elm-protocol-buffers\`](https://package.elm-lang.org/packages/eriktim/elm-protocol-buffers/1.1.0) version 1.1.0 or higher.


# Model

@docs Test


# Decoder

@docs testDecoder


# Encoder

@docs toTestEncoder

-}

import Protobuf.Decode as Decode
import Protobuf.Encode as Encode



-- MODEL


{-| \`Test\` message
-}
type alias Test =
    {}



-- DECODER


{-| \`Test\` decoder
-}
testDecoder : Decode.Decoder Test
testDecoder =
    Decode.message Test
        []



-- ENCODER


{-| \`Test\` encoder
-}
toTestEncoder : Test -> Encode.Encoder
toTestEncoder _ =
    Encode.message
        []



-- SETTERS



"
`;
